{
  "name": "texas_jan2024.shtml",
  "type": "engram",
  "smt": {
    "model": "html",
    "locus": "./test/data/input/html/",
    "schema": "texas_jan2024.shtml",
    "key": "*"
  },
  "fields": [
    {
      "name": "County Name",
      "type": "keyword",
      "size": 13
    },
    {
      "name": "Precincts",
      "type": "integer"
    },
    {
      "name": "Voter Registration",
      "type": "integer"
    },
    {
      "name": "Suspense Voters",
      "type": "integer"
    },
    {
      "name": "Non-Suspense Voters",
      "type": "integer"
    }
  ]
}
