{
  "name": "helloworld.html",
  "type": "engram",
  "smt": {
    "model": "html",
    "locus": "./test/data/input/html/",
    "schema": "helloworld.html",
    "key": "*"
  },
  "fields": [
    {
      "name": "Greating",
      "type": "keyword",
      "size": 15
    }
  ]
}
