{
  "status": 0,
  "message": "OK",
  "type": "list",
  "data": [
    {
      "County": "Apache",
      "Precincts": 44,
      "Date/Period": "23-Jul",
      "Democratic": 1137,
      "Green": "*",
      "Libertarian": 19,
      "No Labels": 0,
      "Republican": 749,
      "Other": 941,
      "Total": 2846
    },
    {
      "County": "Apache",
      "Precincts": 44,
      "Date/Period": "23-Oct",
      "Democratic": 1141,
      "Green": "*",
      "Libertarian": 19,
      "No Labels": 1,
      "Republican": 747,
      "Other": 934,
      "Total": 2842
    },
    {
      "County": "Apache",
      "Precincts": 44,
      "Date/Period": "24-Jan",
      "Democratic": 1118,
      "Green": 4,
      "Libertarian": 19,
      "No Labels": 1,
      "Republican": 725,
      "Other": 918,
      "Total": 2785
    },
    {
      "County": "Cochise",
      "Precincts": 55,
      "Date/Period": "23-Jul",
      "Democratic": 2252,
      "Green": "*",
      "Libertarian": 146,
      "No Labels": 0,
      "Republican": 3591,
      "Other": 4663,
      "Total": 10652
    },
    {
      "County": "Cochise",
      "Precincts": 55,
      "Date/Period": "23-Oct",
      "Democratic": 2304,
      "Green": "*",
      "Libertarian": 155,
      "No Labels": 3,
      "Republican": 3690,
      "Other": 4839,
      "Total": 10991
    },
    {
      "County": "Cochise",
      "Precincts": 55,
      "Date/Period": "24-Jan",
      "Democratic": 2653,
      "Green": 24,
      "Libertarian": 173,
      "No Labels": 5,
      "Republican": 4396,
      "Other": 5805,
      "Total": 13056
    },
    {
      "County": "Coconino",
      "Precincts": 75,
      "Date/Period": "23-Jul",
      "Democratic": 4789,
      "Green": "*",
      "Libertarian": 176,
      "No Labels": 2,
      "Republican": 2835,
      "Other": 5403,
      "Total": 13205
    },
    {
      "County": "Coconino",
      "Precincts": 75,
      "Date/Period": "23-Oct",
      "Democratic": 5401,
      "Green": "*",
      "Libertarian": 202,
      "No Labels": 18,
      "Republican": 3141,
      "Other": 6157,
      "Total": 14919
    },
    {
      "County": "Coconino",
      "Precincts": 75,
      "Date/Period": "24-Jan",
      "Democratic": 5567,
      "Green": 40,
      "Libertarian": 213,
      "No Labels": 20,
      "Republican": 3211,
      "Other": 6413,
      "Total": 15464
    },
    {
      "County": "Gila",
      "Precincts": 39,
      "Date/Period": "23-Jul",
      "Democratic": 578,
      "Green": "*",
      "Libertarian": 23,
      "No Labels": 2,
      "Republican": 1202,
      "Other": 1112,
      "Total": 2917
    },
    {
      "County": "Gila",
      "Precincts": 39,
      "Date/Period": "23-Oct",
      "Democratic": 672,
      "Green": "*",
      "Libertarian": 33,
      "No Labels": 9,
      "Republican": 1587,
      "Other": 1409,
      "Total": 3710
    },
    {
      "County": "Gila",
      "Precincts": 39,
      "Date/Period": "24-Jan",
      "Democratic": 716,
      "Green": 0,
      "Libertarian": 35,
      "No Labels": 17,
      "Republican": 1727,
      "Other": 1555,
      "Total": 4050
    },
    {
      "County": "Graham",
      "Precincts": 23,
      "Date/Period": "23-Jul",
      "Democratic": 606,
      "Green": "*",
      "Libertarian": 38,
      "No Labels": 2,
      "Republican": 941,
      "Other": 866,
      "Total": 2453
    },
    {
      "County": "Graham",
      "Precincts": 23,
      "Date/Period": "23-Oct",
      "Democratic": 593,
      "Green": "*",
      "Libertarian": 38,
      "No Labels": 2,
      "Republican": 919,
      "Other": 846,
      "Total": 2398
    },
    {
      "County": "Graham",
      "Precincts": 23,
      "Date/Period": "24-Jan",
      "Democratic": 582,
      "Green": 0,
      "Libertarian": 38,
      "No Labels": 2,
      "Republican": 908,
      "Other": 831,
      "Total": 2361
    },
    {
      "County": "Greenlee",
      "Precincts": 8,
      "Date/Period": "23-Jul",
      "Democratic": 69,
      "Green": "*",
      "Libertarian": 4,
      "No Labels": 0,
      "Republican": 129,
      "Other": 147,
      "Total": 349
    },
    {
      "County": "Greenlee",
      "Precincts": 8,
      "Date/Period": "23-Oct",
      "Democratic": 67,
      "Green": "*",
      "Libertarian": 4,
      "No Labels": 1,
      "Republican": 128,
      "Other": 146,
      "Total": 346
    },
    {
      "County": "Greenlee",
      "Precincts": 6,
      "Date/Period": "24-Jan",
      "Democratic": 67,
      "Green": 1,
      "Libertarian": 5,
      "No Labels": 1,
      "Republican": 128,
      "Other": 140,
      "Total": 342
    },
    {
      "County": "La Paz",
      "Precincts": 11,
      "Date/Period": "23-Jul",
      "Democratic": 400,
      "Green": "*",
      "Libertarian": 12,
      "No Labels": 0,
      "Republican": 757,
      "Other": 769,
      "Total": 1938
    },
    {
      "County": "La Paz",
      "Precincts": 11,
      "Date/Period": "23-Oct",
      "Democratic": 400,
      "Green": "*",
      "Libertarian": 11,
      "No Labels": 0,
      "Republican": 748,
      "Other": 760,
      "Total": 1919
    },
    {
      "County": "La Paz",
      "Precincts": 11,
      "Date/Period": "24-Jan",
      "Democratic": 418,
      "Green": 3,
      "Libertarian": 13,
      "No Labels": 0,
      "Republican": 793,
      "Other": 807,
      "Total": 2034
    },
    {
      "County": "Maricopa",
      "Precincts": 906,
      "Date/Period": "23-Jul",
      "Democratic": 107154,
      "Green": "*",
      "Libertarian": 4430,
      "No Labels": 11,
      "Republican": 97537,
      "Other": 172170,
      "Total": 381302
    },
    {
      "County": "Maricopa",
      "Precincts": 906,
      "Date/Period": "23-Oct",
      "Democratic": 109979,
      "Green": "*",
      "Libertarian": 4542,
      "No Labels": 374,
      "Republican": 99911,
      "Other": 177353,
      "Total": 392159
    },
    {
      "County": "Maricopa",
      "Precincts": 906,
      "Date/Period": "24-Jan",
      "Democratic": 138945,
      "Green": 609,
      "Libertarian": 5721,
      "No Labels": 1118,
      "Republican": 128412,
      "Other": 225781,
      "Total": 500586
    },
    {
      "County": "Mohave",
      "Precincts": 24,
      "Date/Period": "23-Jul",
      "Democratic": 2416,
      "Green": "*",
      "Libertarian": 124,
      "No Labels": 0,
      "Republican": 6763,
      "Other": 6287,
      "Total": 15590
    },
    {
      "County": "Mohave",
      "Precincts": 24,
      "Date/Period": "23-Oct",
      "Democratic": 2507,
      "Green": "*",
      "Libertarian": 125,
      "No Labels": 14,
      "Republican": 6956,
      "Other": 6480,
      "Total": 16082
    },
    {
      "County": "Mohave",
      "Precincts": 24,
      "Date/Period": "24-Jan",
      "Democratic": 2538,
      "Green": 0,
      "Libertarian": 127,
      "No Labels": 19,
      "Republican": 6968,
      "Other": 6561,
      "Total": 16213
    },
    {
      "County": "Navajo",
      "Precincts": 14,
      "Date/Period": "23-Jul",
      "Democratic": 1714,
      "Green": "*",
      "Libertarian": 48,
      "No Labels": 2,
      "Republican": 2222,
      "Other": 2355,
      "Total": 6341
    },
    {
      "County": "Navajo",
      "Precincts": 14,
      "Date/Period": "23-Oct",
      "Democratic": 1680,
      "Green": "*",
      "Libertarian": 47,
      "No Labels": 10,
      "Republican": 2188,
      "Other": 2317,
      "Total": 6242
    },
    {
      "County": "Navajo",
      "Precincts": 21,
      "Date/Period": "24-Jan",
      "Democratic": 1640,
      "Green": 0,
      "Libertarian": 47,
      "No Labels": 11,
      "Republican": 2122,
      "Other": 2259,
      "Total": 6079
    },
    {
      "County": "Pima",
      "Precincts": 278,
      "Date/Period": "23-Jul",
      "Democratic": 17442,
      "Green": "*",
      "Libertarian": 587,
      "No Labels": 0,
      "Republican": 12256,
      "Other": 22608,
      "Total": 52893
    },
    {
      "County": "Pima",
      "Precincts": 278,
      "Date/Period": "23-Oct",
      "Democratic": 20099,
      "Green": "*",
      "Libertarian": 677,
      "No Labels": 26,
      "Republican": 14205,
      "Other": 25931,
      "Total": 60938
    },
    {
      "County": "Pima",
      "Precincts": 278,
      "Date/Period": "24-Jan",
      "Democratic": 24870,
      "Green": 170,
      "Libertarian": 835,
      "No Labels": 106,
      "Republican": 16802,
      "Other": 32693,
      "Total": 75476
    },
    {
      "County": "Pinal",
      "Precincts": 109,
      "Date/Period": "23-Jul",
      "Democratic": 6623,
      "Green": "*",
      "Libertarian": 272,
      "No Labels": 4,
      "Republican": 8563,
      "Other": 11218,
      "Total": 26680
    },
    {
      "County": "Pinal",
      "Precincts": 109,
      "Date/Period": "23-Oct",
      "Democratic": 6519,
      "Green": "*",
      "Libertarian": 276,
      "No Labels": 36,
      "Republican": 8427,
      "Other": 11075,
      "Total": 26333
    },
    {
      "County": "Pinal",
      "Precincts": 109,
      "Date/Period": "24-Jan",
      "Democratic": 7278,
      "Green": 0,
      "Libertarian": 300,
      "No Labels": 64,
      "Republican": 9352,
      "Other": 12913,
      "Total": 29907
    },
    {
      "County": "Santa Cruz",
      "Precincts": 24,
      "Date/Period": "23-Jul",
      "Democratic": 982,
      "Green": "*",
      "Libertarian": 18,
      "No Labels": 0,
      "Republican": 522,
      "Other": 1076,
      "Total": 2598
    },
    {
      "County": "Santa Cruz",
      "Precincts": 24,
      "Date/Period": "23-Oct",
      "Democratic": 971,
      "Green": "*",
      "Libertarian": 18,
      "No Labels": 3,
      "Republican": 523,
      "Other": 1079,
      "Total": 2594
    },
    {
      "County": "Santa Cruz",
      "Precincts": 24,
      "Date/Period": "24-Jan",
      "Democratic": 1024,
      "Green": 4,
      "Libertarian": 18,
      "No Labels": 5,
      "Republican": 528,
      "Other": 1118,
      "Total": 2697
    },
    {
      "County": "Yavapai",
      "Precincts": 48,
      "Date/Period": "23-Jul",
      "Democratic": 3337,
      "Green": "*",
      "Libertarian": 260,
      "No Labels": 2,
      "Republican": 6950,
      "Other": 7083,
      "Total": 17632
    },
    {
      "County": "Yavapai",
      "Precincts": 48,
      "Date/Period": "23-Oct",
      "Democratic": 3622,
      "Green": "*",
      "Libertarian": 273,
      "No Labels": 13,
      "Republican": 7391,
      "Other": 7580,
      "Total": 18879
    },
    {
      "County": "Yavapai",
      "Precincts": 57,
      "Date/Period": "24-Jan",
      "Democratic": 3909,
      "Green": 0,
      "Libertarian": 296,
      "No Labels": 42,
      "Republican": 7978,
      "Other": 8190,
      "Total": 20415
    },
    {
      "County": "Yuma",
      "Precincts": 47,
      "Date/Period": "23-Jul",
      "Democratic": 2640,
      "Green": "*",
      "Libertarian": 118,
      "No Labels": 1,
      "Republican": 3124,
      "Other": 5132,
      "Total": 11015
    },
    {
      "County": "Yuma",
      "Precincts": 47,
      "Date/Period": "23-Oct",
      "Democratic": 3434,
      "Green": "*",
      "Libertarian": 151,
      "No Labels": 23,
      "Republican": 4258,
      "Other": 6955,
      "Total": 14821
    },
    {
      "County": "Yuma",
      "Precincts": 47,
      "Date/Period": "24-Jan",
      "Democratic": 3640,
      "Green": 0,
      "Libertarian": 160,
      "No Labels": 38,
      "Republican": 4567,
      "Other": 7589,
      "Total": 15994
    },
    {
      "County": "Totals:",
      "Precincts": 1705,
      "Date/Period": "23-Jul",
      "Democratic": 152139,
      "Green": "*",
      "Libertarian": 6275,
      "No Labels": 26,
      "Republican": 148141,
      "Other": 241830,
      "Total": 548411
    },
    {
      "County": "Totals:",
      "Precincts": 1705,
      "Date/Period": "23-Oct",
      "Democratic": 159389,
      "Green": "*",
      "Libertarian": 6571,
      "No Labels": 533,
      "Republican": 154819,
      "Other": 253861,
      "Total": 575173
    },
    {
      "County": "Totals:",
      "Precincts": 1719,
      "Date/Period": "24-Jan",
      "Democratic": 194965,
      "Green": 855,
      "Libertarian": 8000,
      "No Labels": 1449,
      "Republican": 188617,
      "Other": 313573,
      "Total": 707459
    }
  ]
}