{
  "status": 0,
  "message": "OK",
  "type": "list",
  "data": [
    {
      "Greating": "Hello World!"
    },
    {
      "Greating": "Hello Universe!"
    }
  ]
}