{
  "status": 0,
  "message": "OK",
  "type": "list",
  "data": [
    {
      "District": "Legislative District 1",
      "County": "Coconino",
      "Precincts": 1,
      "Democratic": 737,
      "Green": 1,
      "Libertarian": 15,
      "No Labels": 11,
      "Republican": 606,
      "Other": 709,
      "Total": 2079
    },
    {
      "District": "Legislative District 1",
      "County": "Yavapai",
      "Precincts": 54,
      "Democratic": 31153,
      "Green": 0,
      "Libertarian": 1340,
      "No Labels": 891,
      "Republican": 82571,
      "Other": 49669,
      "Total": 165624
    },
    {
      "District": "Legislative District 1",
      "County": "Total:",
      "Precincts": 55,
      "Democratic": 31890,
      "Green": 1,
      "Libertarian": 1355,
      "No Labels": 902,
      "Republican": 83177,
      "Other": 50378,
      "Total": 167703
    },
    {
      "District": "Legislative District 2",
      "County": "Maricopa",
      "Precincts": 48,
      "Democratic": 34319,
      "Green": 90,
      "Libertarian": 1281,
      "No Labels": 864,
      "Republican": 43389,
      "Other": 44824,
      "Total": 124767
    },
    {
      "District": "Legislative District 2",
      "County": "Total:",
      "Precincts": 48,
      "Democratic": 34319,
      "Green": 90,
      "Libertarian": 1281,
      "No Labels": 864,
      "Republican": 43389,
      "Other": 44824,
      "Total": 124767
    },
    {
      "District": "Legislative District 3",
      "County": "Maricopa",
      "Precincts": 58,
      "Democratic": 34353,
      "Green": 65,
      "Libertarian": 1147,
      "No Labels": 667,
      "Republican": 81708,
      "Other": 55024,
      "Total": 172964
    },
    {
      "District": "Legislative District 3",
      "County": "Total:",
      "Precincts": 58,
      "Democratic": 34353,
      "Green": 65,
      "Libertarian": 1147,
      "No Labels": 667,
      "Republican": 81708,
      "Other": 55024,
      "Total": 172964
    },
    {
      "District": "Legislative District 4",
      "County": "Maricopa",
      "Precincts": 70,
      "Democratic": 43969,
      "Green": 98,
      "Libertarian": 1292,
      "No Labels": 953,
      "Republican": 63226,
      "Other": 52980,
      "Total": 162518
    },
    {
      "District": "Legislative District 4",
      "County": "Total:",
      "Precincts": 70,
      "Democratic": 43969,
      "Green": 98,
      "Libertarian": 1292,
      "No Labels": 953,
      "Republican": 63226,
      "Other": 52980,
      "Total": 162518
    },
    {
      "District": "Legislative District 5",
      "County": "Maricopa",
      "Precincts": 54,
      "Democratic": 50896,
      "Green": 136,
      "Libertarian": 1044,
      "No Labels": 965,
      "Republican": 25476,
      "Other": 40185,
      "Total": 118702
    },
    {
      "District": "Legislative District 5",
      "County": "Total:",
      "Precincts": 54,
      "Democratic": 50896,
      "Green": 136,
      "Libertarian": 1044,
      "No Labels": 965,
      "Republican": 25476,
      "Other": 40185,
      "Total": 118702
    },
    {
      "District": "Legislative District 6",
      "County": "Apache",
      "Precincts": 44,
      "Democratic": 26830,
      "Green": 15,
      "Libertarian": 229,
      "No Labels": 126,
      "Republican": 10720,
      "Other": 13792,
      "Total": 51712
    },
    {
      "District": "Legislative District 6",
      "County": "Coconino",
      "Precincts": 49,
      "Democratic": 23927,
      "Green": 97,
      "Libertarian": 451,
      "No Labels": 323,
      "Republican": 13059,
      "Other": 17815,
      "Total": 55672
    },
    {
      "District": "Legislative District 6",
      "County": "Gila",
      "Precincts": 3,
      "Democratic": 2052,
      "Green": 0,
      "Libertarian": 8,
      "No Labels": 11,
      "Republican": 256,
      "Other": 1060,
      "Total": 3387
    },
    {
      "District": "Legislative District 6",
      "County": "Graham",
      "Precincts": 2,
      "Democratic": 1274,
      "Green": 0,
      "Libertarian": 4,
      "No Labels": 6,
      "Republican": 171,
      "Other": 623,
      "Total": 2078
    },
    {
      "District": "Legislative District 6",
      "County": "Mohave",
      "Precincts": 2,
      "Democratic": 259,
      "Green": 0,
      "Libertarian": 4,
      "No Labels": 3,
      "Republican": 102,
      "Other": 366,
      "Total": 734
    },
    {
      "District": "Legislative District 6",
      "County": "Navajo",
      "Precincts": 11,
      "Democratic": 18844,
      "Green": 0,
      "Libertarian": 158,
      "No Labels": 124,
      "Republican": 4824,
      "Other": 10333,
      "Total": 34283
    },
    {
      "District": "Legislative District 6",
      "County": "Pinal",
      "Precincts": 1,
      "Democratic": 0,
      "Green": 0,
      "Libertarian": 0,
      "No Labels": 0,
      "Republican": 0,
      "Other": 0,
      "Total": 0
    },
    {
      "District": "Legislative District 6",
      "County": "Total:",
      "Precincts": 112,
      "Democratic": 73186,
      "Green": 112,
      "Libertarian": 854,
      "No Labels": 593,
      "Republican": 29132,
      "Other": 43989,
      "Total": 147866
    },
    {
      "District": "Legislative District 7",
      "County": "Coconino",
      "Precincts": 25,
      "Democratic": 9862,
      "Green": 48,
      "Libertarian": 285,
      "No Labels": 270,
      "Republican": 8865,
      "Other": 9877,
      "Total": 29207
    },
    {
      "District": "Legislative District 7",
      "County": "Gila",
      "Precincts": 36,
      "Democratic": 6070,
      "Green": 0,
      "Libertarian": 218,
      "No Labels": 127,
      "Republican": 15619,
      "Other": 8220,
      "Total": 30254
    },
    {
      "District": "Legislative District 7",
      "County": "Navajo",
      "Precincts": 10,
      "Democratic": 4682,
      "Green": 0,
      "Libertarian": 291,
      "No Labels": 203,
      "Republican": 21566,
      "Other": 9829,
      "Total": 36571
    },
    {
      "District": "Legislative District 7",
      "County": "Pinal",
      "Precincts": 27,
      "Democratic": 12928,
      "Green": 1,
      "Libertarian": 443,
      "No Labels": 318,
      "Republican": 24373,
      "Other": 20602,
      "Total": 58665
    },
    {
      "District": "Legislative District 7",
      "County": "Total:",
      "Precincts": 98,
      "Democratic": 33542,
      "Green": 49,
      "Libertarian": 1237,
      "No Labels": 918,
      "Republican": 70423,
      "Other": 48528,
      "Total": 154697
    },
    {
      "District": "Legislative District 8",
      "County": "Maricopa",
      "Precincts": 57,
      "Democratic": 38771,
      "Green": 128,
      "Libertarian": 1183,
      "No Labels": 1161,
      "Republican": 27424,
      "Other": 42047,
      "Total": 110714
    },
    {
      "District": "Legislative District 8",
      "County": "Total:",
      "Precincts": 57,
      "Democratic": 38771,
      "Green": 128,
      "Libertarian": 1183,
      "No Labels": 1161,
      "Republican": 27424,
      "Other": 42047,
      "Total": 110714
    },
    {
      "District": "Legislative District 9",
      "County": "Maricopa",
      "Precincts": 39,
      "Democratic": 31616,
      "Green": 104,
      "Libertarian": 1119,
      "No Labels": 825,
      "Republican": 33586,
      "Other": 39253,
      "Total": 106503
    },
    {
      "District": "Legislative District 9",
      "County": "Total:",
      "Precincts": 39,
      "Democratic": 31616,
      "Green": 104,
      "Libertarian": 1119,
      "No Labels": 825,
      "Republican": 33586,
      "Other": 39253,
      "Total": 106503
    },
    {
      "District": "Legislative District 10",
      "County": "Maricopa",
      "Precincts": 43,
      "Democratic": 29010,
      "Green": 76,
      "Libertarian": 1058,
      "No Labels": 726,
      "Republican": 56709,
      "Other": 43843,
      "Total": 131422
    },
    {
      "District": "Legislative District 10",
      "County": "Pinal",
      "Precincts": 3,
      "Democratic": 1382,
      "Green": 0,
      "Libertarian": 52,
      "No Labels": 53,
      "Republican": 2824,
      "Other": 2800,
      "Total": 7111
    },
    {
      "District": "Legislative District 10",
      "County": "Total:",
      "Precincts": 46,
      "Democratic": 30392,
      "Green": 76,
      "Libertarian": 1110,
      "No Labels": 779,
      "Republican": 59533,
      "Other": 46643,
      "Total": 138533
    },
    {
      "District": "Legislative District 11",
      "County": "Maricopa",
      "Precincts": 37,
      "Democratic": 49415,
      "Green": 79,
      "Libertarian": 722,
      "No Labels": 863,
      "Republican": 14835,
      "Other": 40947,
      "Total": 106861
    },
    {
      "District": "Legislative District 11",
      "County": "Total:",
      "Precincts": 37,
      "Democratic": 49415,
      "Green": 79,
      "Libertarian": 722,
      "No Labels": 863,
      "Republican": 14835,
      "Other": 40947,
      "Total": 106861
    },
    {
      "District": "Legislative District 12",
      "County": "Maricopa",
      "Precincts": 48,
      "Democratic": 48357,
      "Green": 111,
      "Libertarian": 1301,
      "No Labels": 952,
      "Republican": 43038,
      "Other": 50544,
      "Total": 144303
    },
    {
      "District": "Legislative District 12",
      "County": "Total:",
      "Precincts": 48,
      "Democratic": 48357,
      "Green": 111,
      "Libertarian": 1301,
      "No Labels": 952,
      "Republican": 43038,
      "Other": 50544,
      "Total": 144303
    },
    {
      "District": "Legislative District 13",
      "County": "Maricopa",
      "Precincts": 45,
      "Democratic": 39904,
      "Green": 80,
      "Libertarian": 1178,
      "No Labels": 891,
      "Republican": 50868,
      "Other": 51792,
      "Total": 144713
    },
    {
      "District": "Legislative District 13",
      "County": "Total:",
      "Precincts": 45,
      "Democratic": 39904,
      "Green": 80,
      "Libertarian": 1178,
      "No Labels": 891,
      "Republican": 50868,
      "Other": 51792,
      "Total": 144713
    },
    {
      "District": "Legislative District 14",
      "County": "Maricopa",
      "Precincts": 44,
      "Democratic": 32961,
      "Green": 65,
      "Libertarian": 1348,
      "No Labels": 868,
      "Republican": 62987,
      "Other": 50962,
      "Total": 149191
    },
    {
      "District": "Legislative District 14",
      "County": "Total:",
      "Precincts": 44,
      "Democratic": 32961,
      "Green": 65,
      "Libertarian": 1348,
      "No Labels": 868,
      "Republican": 62987,
      "Other": 50962,
      "Total": 149191
    },
    {
      "District": "Legislative District 15",
      "County": "Maricopa",
      "Precincts": 26,
      "Democratic": 17233,
      "Green": 28,
      "Libertarian": 816,
      "No Labels": 552,
      "Republican": 41518,
      "Other": 29449,
      "Total": 89596
    },
    {
      "District": "Legislative District 15",
      "County": "Pinal",
      "Precincts": 19,
      "Democratic": 13607,
      "Green": 0,
      "Libertarian": 715,
      "No Labels": 545,
      "Republican": 29796,
      "Other": 26167,
      "Total": 70830
    },
    {
      "District": "Legislative District 15",
      "County": "Total:",
      "Precincts": 45,
      "Democratic": 30840,
      "Green": 28,
      "Libertarian": 1531,
      "No Labels": 1097,
      "Republican": 71314,
      "Other": 55616,
      "Total": 160426
    },
    {
      "District": "Legislative District 16",
      "County": "Maricopa",
      "Precincts": 2,
      "Democratic": 591,
      "Green": 2,
      "Libertarian": 9,
      "No Labels": 7,
      "Republican": 76,
      "Other": 616,
      "Total": 1301
    },
    {
      "District": "Legislative District 16",
      "County": "Pima",
      "Precincts": 17,
      "Democratic": 8760,
      "Green": 22,
      "Libertarian": 204,
      "No Labels": 102,
      "Republican": 7671,
      "Other": 7618,
      "Total": 24377
    },
    {
      "District": "Legislative District 16",
      "County": "Pinal",
      "Precincts": 53,
      "Democratic": 31022,
      "Green": 0,
      "Libertarian": 867,
      "No Labels": 937,
      "Republican": 36598,
      "Other": 45462,
      "Total": 114886
    },
    {
      "District": "Legislative District 16",
      "County": "Total:",
      "Precincts": 72,
      "Democratic": 40373,
      "Green": 24,
      "Libertarian": 1080,
      "No Labels": 1046,
      "Republican": 44345,
      "Other": 53696,
      "Total": 140564
    },
    {
      "District": "Legislative District 17",
      "County": "Pima",
      "Precincts": 63,
      "Democratic": 47412,
      "Green": 122,
      "Libertarian": 1279,
      "No Labels": 736,
      "Republican": 61332,
      "Other": 52009,
      "Total": 162890
    },
    {
      "District": "Legislative District 17",
      "County": "Pinal",
      "Precincts": 5,
      "Democratic": 3148,
      "Green": 0,
      "Libertarian": 65,
      "No Labels": 32,
      "Republican": 5529,
      "Other": 3888,
      "Total": 12662
    },
    {
      "District": "Legislative District 17",
      "County": "Total:",
      "Precincts": 68,
      "Democratic": 50560,
      "Green": 122,
      "Libertarian": 1344,
      "No Labels": 768,
      "Republican": 66861,
      "Other": 55897,
      "Total": 175552
    },
    {
      "District": "Legislative District 18",
      "County": "Pima",
      "Precincts": 65,
      "Democratic": 62445,
      "Green": 189,
      "Libertarian": 1216,
      "No Labels": 902,
      "Republican": 42234,
      "Other": 48541,
      "Total": 155527
    },
    {
      "District": "Legislative District 18",
      "County": "Total:",
      "Precincts": 65,
      "Democratic": 62445,
      "Green": 189,
      "Libertarian": 1216,
      "No Labels": 902,
      "Republican": 42234,
      "Other": 48541,
      "Total": 155527
    },
    {
      "District": "Legislative District 19",
      "County": "Cochise",
      "Precincts": 48,
      "Democratic": 15910,
      "Green": 35,
      "Libertarian": 594,
      "No Labels": 385,
      "Republican": 28007,
      "Other": 24358,
      "Total": 69289
    },
    {
      "District": "Legislative District 19",
      "County": "Graham",
      "Precincts": 21,
      "Democratic": 3227,
      "Green": 8,
      "Libertarian": 115,
      "No Labels": 60,
      "Republican": 9997,
      "Other": 4723,
      "Total": 18130
    },
    {
      "District": "Legislative District 19",
      "County": "Greenlee",
      "Precincts": 6,
      "Democratic": 1398,
      "Green": 2,
      "Libertarian": 51,
      "No Labels": 30,
      "Republican": 1790,
      "Other": 1514,
      "Total": 4785
    },
    {
      "District": "Legislative District 19",
      "County": "Pima",
      "Precincts": 17,
      "Democratic": 13780,
      "Green": 20,
      "Libertarian": 297,
      "No Labels": 180,
      "Republican": 19718,
      "Other": 15626,
      "Total": 49621
    },
    {
      "District": "Legislative District 19",
      "County": "Santa Cruz",
      "Precincts": 3,
      "Democratic": 859,
      "Green": 0,
      "Libertarian": 30,
      "No Labels": 3,
      "Republican": 898,
      "Other": 775,
      "Total": 2565
    },
    {
      "District": "Legislative District 19",
      "County": "Total:",
      "Precincts": 95,
      "Democratic": 35174,
      "Green": 65,
      "Libertarian": 1087,
      "No Labels": 658,
      "Republican": 60410,
      "Other": 46996,
      "Total": 144390
    },
    {
      "District": "Legislative District 20",
      "County": "Pima",
      "Precincts": 56,
      "Democratic": 58211,
      "Green": 236,
      "Libertarian": 829,
      "No Labels": 766,
      "Republican": 17249,
      "Other": 40727,
      "Total": 118018
    },
    {
      "District": "Legislative District 20",
      "County": "Total:",
      "Precincts": 56,
      "Democratic": 58211,
      "Green": 236,
      "Libertarian": 829,
      "No Labels": 766,
      "Republican": 17249,
      "Other": 40727,
      "Total": 118018
    },
    {
      "District": "Legislative District 21",
      "County": "Cochise",
      "Precincts": 7,
      "Democratic": 2541,
      "Green": 12,
      "Libertarian": 51,
      "No Labels": 39,
      "Republican": 1617,
      "Other": 2151,
      "Total": 6411
    },
    {
      "District": "Legislative District 21",
      "County": "Pima",
      "Precincts": 42,
      "Democratic": 37582,
      "Green": 139,
      "Libertarian": 760,
      "No Labels": 631,
      "Republican": 20699,
      "Other": 33521,
      "Total": 93332
    },
    {
      "District": "Legislative District 21",
      "County": "Santa Cruz",
      "Precincts": 21,
      "Democratic": 13106,
      "Green": 11,
      "Libertarian": 141,
      "No Labels": 103,
      "Republican": 4211,
      "Other": 10454,
      "Total": 28026
    },
    {
      "District": "Legislative District 21",
      "County": "Total:",
      "Precincts": 70,
      "Democratic": 53229,
      "Green": 162,
      "Libertarian": 952,
      "No Labels": 773,
      "Republican": 26527,
      "Other": 46126,
      "Total": 127769
    },
    {
      "District": "Legislative District 22",
      "County": "Maricopa",
      "Precincts": 40,
      "Democratic": 40523,
      "Green": 59,
      "Libertarian": 705,
      "No Labels": 1119,
      "Republican": 18144,
      "Other": 41230,
      "Total": 101780
    },
    {
      "District": "Legislative District 22",
      "County": "Total:",
      "Precincts": 40,
      "Democratic": 40523,
      "Green": 59,
      "Libertarian": 705,
      "No Labels": 1119,
      "Republican": 18144,
      "Other": 41230,
      "Total": 101780
    },
    {
      "District": "Legislative District 23",
      "County": "Maricopa",
      "Precincts": 20,
      "Democratic": 11116,
      "Green": 18,
      "Libertarian": 352,
      "No Labels": 406,
      "Republican": 13240,
      "Other": 15158,
      "Total": 40290
    },
    {
      "District": "Legislative District 23",
      "County": "Pima",
      "Precincts": 18,
      "Democratic": 10244,
      "Green": 29,
      "Libertarian": 173,
      "No Labels": 157,
      "Republican": 4411,
      "Other": 8114,
      "Total": 23128
    },
    {
      "District": "Legislative District 23",
      "County": "Pinal",
      "Precincts": 1,
      "Democratic": 132,
      "Green": 0,
      "Libertarian": 0,
      "No Labels": 0,
      "Republican": 9,
      "Other": 74,
      "Total": 215
    },
    {
      "District": "Legislative District 23",
      "County": "Yuma",
      "Precincts": 26,
      "Democratic": 20839,
      "Green": 0,
      "Libertarian": 303,
      "No Labels": 326,
      "Republican": 10792,
      "Other": 23704,
      "Total": 55964
    },
    {
      "District": "Legislative District 23",
      "County": "Total:",
      "Precincts": 65,
      "Democratic": 42331,
      "Green": 47,
      "Libertarian": 828,
      "No Labels": 889,
      "Republican": 28452,
      "Other": 47050,
      "Total": 119597
    },
    {
      "District": "Legislative District 24",
      "County": "Maricopa",
      "Precincts": 38,
      "Democratic": 33254,
      "Green": 48,
      "Libertarian": 624,
      "No Labels": 619,
      "Republican": 15805,
      "Other": 33686,
      "Total": 84036
    },
    {
      "District": "Legislative District 24",
      "County": "Total:",
      "Precincts": 38,
      "Democratic": 33254,
      "Green": 48,
      "Libertarian": 624,
      "No Labels": 619,
      "Republican": 15805,
      "Other": 33686,
      "Total": 84036
    },
    {
      "District": "Legislative District 25",
      "County": "Maricopa",
      "Precincts": 44,
      "Democratic": 22124,
      "Green": 40,
      "Libertarian": 848,
      "No Labels": 834,
      "Republican": 38623,
      "Other": 35911,
      "Total": 98380
    },
    {
      "District": "Legislative District 25",
      "County": "Yuma",
      "Precincts": 21,
      "Democratic": 9495,
      "Green": 0,
      "Libertarian": 345,
      "No Labels": 304,
      "Republican": 20710,
      "Other": 16802,
      "Total": 47656
    },
    {
      "District": "Legislative District 25",
      "County": "Total:",
      "Precincts": 65,
      "Democratic": 31619,
      "Green": 40,
      "Libertarian": 1193,
      "No Labels": 1138,
      "Republican": 59333,
      "Other": 52713,
      "Total": 146036
    },
    {
      "District": "Legislative District 26",
      "County": "Maricopa",
      "Precincts": 34,
      "Democratic": 32041,
      "Green": 68,
      "Libertarian": 569,
      "No Labels": 576,
      "Republican": 13185,
      "Other": 30167,
      "Total": 76606
    },
    {
      "District": "Legislative District 26",
      "County": "Total:",
      "Precincts": 34,
      "Democratic": 32041,
      "Green": 68,
      "Libertarian": 569,
      "No Labels": 576,
      "Republican": 13185,
      "Other": 30167,
      "Total": 76606
    },
    {
      "District": "Legislative District 27",
      "County": "Maricopa",
      "Precincts": 51,
      "Democratic": 35766,
      "Green": 93,
      "Libertarian": 1220,
      "No Labels": 967,
      "Republican": 48333,
      "Other": 46268,
      "Total": 132647
    },
    {
      "District": "Legislative District 27",
      "County": "Total:",
      "Precincts": 51,
      "Democratic": 35766,
      "Green": 93,
      "Libertarian": 1220,
      "No Labels": 967,
      "Republican": 48333,
      "Other": 46268,
      "Total": 132647
    },
    {
      "District": "Legislative District 28",
      "County": "Maricopa",
      "Precincts": 59,
      "Democratic": 35235,
      "Green": 56,
      "Libertarian": 967,
      "No Labels": 626,
      "Republican": 74799,
      "Other": 49414,
      "Total": 161097
    },
    {
      "District": "Legislative District 28",
      "County": "Total:",
      "Precincts": 59,
      "Democratic": 35235,
      "Green": 56,
      "Libertarian": 967,
      "No Labels": 626,
      "Republican": 74799,
      "Other": 49414,
      "Total": 161097
    },
    {
      "District": "Legislative District 29",
      "County": "Maricopa",
      "Precincts": 47,
      "Democratic": 34838,
      "Green": 77,
      "Libertarian": 1032,
      "No Labels": 1052,
      "Republican": 54832,
      "Other": 50532,
      "Total": 142363
    },
    {
      "District": "Legislative District 29",
      "County": "Total:",
      "Precincts": 47,
      "Democratic": 34838,
      "Green": 77,
      "Libertarian": 1032,
      "No Labels": 1052,
      "Republican": 54832,
      "Other": 50532,
      "Total": 142363
    },
    {
      "District": "Legislative District 30",
      "County": "La Paz",
      "Precincts": 11,
      "Democratic": 2106,
      "Green": 4,
      "Libertarian": 61,
      "No Labels": 95,
      "Republican": 5350,
      "Other": 4168,
      "Total": 11784
    },
    {
      "District": "Legislative District 30",
      "County": "Maricopa",
      "Precincts": 2,
      "Democratic": 765,
      "Green": 2,
      "Libertarian": 50,
      "No Labels": 26,
      "Republican": 3344,
      "Other": 1736,
      "Total": 5923
    },
    {
      "District": "Legislative District 30",
      "County": "Mohave",
      "Precincts": 22,
      "Democratic": 18905,
      "Green": 0,
      "Libertarian": 972,
      "No Labels": 600,
      "Republican": 78141,
      "Other": 47033,
      "Total": 145651
    },
    {
      "District": "Legislative District 30",
      "County": "Yavapai",
      "Precincts": 3,
      "Democratic": 154,
      "Green": 0,
      "Libertarian": 7,
      "No Labels": 6,
      "Republican": 947,
      "Other": 393,
      "Total": 1507
    },
    {
      "District": "Legislative District 30",
      "County": "Total:",
      "Precincts": 38,
      "Democratic": 21930,
      "Green": 6,
      "Libertarian": 1090,
      "No Labels": 727,
      "Republican": 87782,
      "Other": 53330,
      "Total": 164865
    },
    {
      "District": null,
      "County": "State Total:",
      "Precincts": 1719,
      "Democratic": 1211940,
      "Green": 2514,
      "Libertarian": 32438,
      "No Labels": 25924,
      "Republican": 1418407,
      "Other": 1410085,
      "Total": 4101308
    }
  ]
}