[
{"County":"Apache","Precincts":44,"Date/Period":"24-Jan","Democratic":1118,"Green":4,"Libertarian":19,"No Labels":1,"Republican":725,"Other":918,"Total":2785},
{"County":"Cochise","Precincts":55,"Date/Period":"24-Jan","Democratic":2653,"Green":24,"Libertarian":173,"No Labels":5,"Republican":4396,"Other":5805,"Total":13056},
{"County":"Coconino","Precincts":75,"Date/Period":"24-Jan","Democratic":5567,"Green":40,"Libertarian":213,"No Labels":20,"Republican":3211,"Other":6413,"Total":15464},
{"County":"Gila","Precincts":39,"Date/Period":"24-Jan","Democratic":716,"Green":0,"Libertarian":35,"No Labels":17,"Republican":1727,"Other":1555,"Total":4050},
{"County":"Graham","Precincts":23,"Date/Period":"24-Jan","Democratic":582,"Green":0,"Libertarian":38,"No Labels":2,"Republican":908,"Other":831,"Total":2361},
{"County":"Greenlee","Precincts":6,"Date/Period":"24-Jan","Democratic":67,"Green":1,"Libertarian":5,"No Labels":1,"Republican":128,"Other":140,"Total":342},
{"County":"La Paz","Precincts":11,"Date/Period":"24-Jan","Democratic":418,"Green":3,"Libertarian":13,"No Labels":0,"Republican":793,"Other":807,"Total":2034},
{"County":"Maricopa","Precincts":906,"Date/Period":"24-Jan","Democratic":138945,"Green":609,"Libertarian":5721,"No Labels":1118,"Republican":128412,"Other":225781,"Total":500586},
{"County":"Mohave","Precincts":24,"Date/Period":"24-Jan","Democratic":2538,"Green":0,"Libertarian":127,"No Labels":19,"Republican":6968,"Other":6561,"Total":16213},
{"County":"Navajo","Precincts":21,"Date/Period":"24-Jan","Democratic":1640,"Green":0,"Libertarian":47,"No Labels":11,"Republican":2122,"Other":2259,"Total":6079},
{"County":"Pima","Precincts":278,"Date/Period":"24-Jan","Democratic":24870,"Green":170,"Libertarian":835,"No Labels":106,"Republican":16802,"Other":32693,"Total":75476},
{"County":"Pinal","Precincts":109,"Date/Period":"24-Jan","Democratic":7278,"Green":0,"Libertarian":300,"No Labels":64,"Republican":9352,"Other":12913,"Total":29907},
{"County":"Santa Cruz","Precincts":24,"Date/Period":"24-Jan","Democratic":1024,"Green":4,"Libertarian":18,"No Labels":5,"Republican":528,"Other":1118,"Total":2697},
{"County":"Yavapai","Precincts":57,"Date/Period":"24-Jan","Democratic":3909,"Green":0,"Libertarian":296,"No Labels":42,"Republican":7978,"Other":8190,"Total":20415},
{"County":"Yuma","Precincts":47,"Date/Period":"24-Jan","Democratic":3640,"Green":0,"Libertarian":160,"No Labels":38,"Republican":4567,"Other":7589,"Total":15994},
{"County":"Totals:","Precincts":1719,"Date/Period":"24-Jan","Democratic":194965,"Green":855,"Libertarian":8000,"No Labels":1449,"Republican":188617,"Other":313573,"Total":707459}
]