[
{"County Name":"ANDERSON","Precincts":22,"Voter Registration":29750,"Suspense Voters":2756,"Non-Suspense Voters":26994},
{"County Name":"ANDREWS","Precincts":4,"Voter Registration":10436,"Suspense Voters":1447,"Non-Suspense Voters":8989},
{"County Name":"ANGELINA","Precincts":47,"Voter Registration":54538,"Suspense Voters":5973,"Non-Suspense Voters":48565},
{"County Name":"ARANSAS","Precincts":6,"Voter Registration":19140,"Suspense Voters":3048,"Non-Suspense Voters":16092},
{"County Name":"ARCHER","Precincts":13,"Voter Registration":6801,"Suspense Voters":205,"Non-Suspense Voters":6596},
{"County Name":"ARMSTRONG","Precincts":9,"Voter Registration":1411,"Suspense Voters":110,"Non-Suspense Voters":1301},
{"County Name":"ATASCOSA","Precincts":24,"Voter Registration":30968,"Suspense Voters":3501,"Non-Suspense Voters":27467},
{"County Name":"AUSTIN","Precincts":15,"Voter Registration":21377,"Suspense Voters":2127,"Non-Suspense Voters":19250},
{"County Name":"BAILEY","Precincts":4,"Voter Registration":3135,"Suspense Voters":101,"Non-Suspense Voters":3034},
{"County Name":"BANDERA","Precincts":10,"Voter Registration":18400,"Suspense Voters":1765,"Non-Suspense Voters":16635},
{"County Name":"BASTROP","Precincts":26,"Voter Registration":58173,"Suspense Voters":6750,"Non-Suspense Voters":51423},
{"County Name":"BAYLOR","Precincts":4,"Voter Registration":2385,"Suspense Voters":212,"Non-Suspense Voters":2173},
{"County Name":"BEE","Precincts":13,"Voter Registration":15535,"Suspense Voters":2192,"Non-Suspense Voters":13343},
{"County Name":"BELL","Precincts":65,"Voter Registration":228209,"Suspense Voters":38692,"Non-Suspense Voters":189517},
{"County Name":"BEXAR","Precincts":776,"Voter Registration":1238876,"Suspense Voters":125350,"Non-Suspense Voters":1113526},
{"County Name":"BLANCO","Precincts":5,"Voter Registration":10627,"Suspense Voters":958,"Non-Suspense Voters":9669},
{"County Name":"BORDEN","Precincts":9,"Voter Registration":459,"Suspense Voters":32,"Non-Suspense Voters":427},
{"County Name":"BOSQUE","Precincts":11,"Voter Registration":13239,"Suspense Voters":1365,"Non-Suspense Voters":11874},
{"County Name":"BOWIE","Precincts":49,"Voter Registration":60920,"Suspense Voters":9843,"Non-Suspense Voters":51077},
{"County Name":"BRAZORIA","Precincts":80,"Voter Registration":240631,"Suspense Voters":24832,"Non-Suspense Voters":215799},
{"County Name":"BRAZOS","Precincts":109,"Voter Registration":127664,"Suspense Voters":20888,"Non-Suspense Voters":106776},
{"County Name":"BREWSTER","Precincts":8,"Voter Registration":7169,"Suspense Voters":1338,"Non-Suspense Voters":5831},
{"County Name":"BRISCOE","Precincts":6,"Voter Registration":1027,"Suspense Voters":116,"Non-Suspense Voters":911},
{"County Name":"BROOKS","Precincts":5,"Voter Registration":4913,"Suspense Voters":734,"Non-Suspense Voters":4179},
{"County Name":"BROWN","Precincts":18,"Voter Registration":24721,"Suspense Voters":2956,"Non-Suspense Voters":21765},
{"County Name":"BURLESON","Precincts":14,"Voter Registration":13299,"Suspense Voters":1379,"Non-Suspense Voters":11920},
{"County Name":"BURNET","Precincts":20,"Voter Registration":37618,"Suspense Voters":3923,"Non-Suspense Voters":33695},
{"County Name":"CALDWELL","Precincts":24,"Voter Registration":25702,"Suspense Voters":2196,"Non-Suspense Voters":23506},
{"County Name":"CALHOUN","Precincts":11,"Voter Registration":12953,"Suspense Voters":1487,"Non-Suspense Voters":11466},
{"County Name":"CALLAHAN","Precincts":8,"Voter Registration":10135,"Suspense Voters":697,"Non-Suspense Voters":9438},
{"County Name":"CAMERON","Precincts":101,"Voter Registration":230531,"Suspense Voters":21909,"Non-Suspense Voters":208622},
{"County Name":"CAMP","Precincts":4,"Voter Registration":8069,"Suspense Voters":733,"Non-Suspense Voters":7336},
{"County Name":"CARSON","Precincts":9,"Voter Registration":4231,"Suspense Voters":360,"Non-Suspense Voters":3871},
{"County Name":"CASS","Precincts":18,"Voter Registration":21151,"Suspense Voters":2829,"Non-Suspense Voters":18322},
{"County Name":"CASTRO","Precincts":8,"Voter Registration":3641,"Suspense Voters":390,"Non-Suspense Voters":3251},
{"County Name":"CHAMBERS","Precincts":18,"Voter Registration":35387,"Suspense Voters":2942,"Non-Suspense Voters":32445},
{"County Name":"CHEROKEE","Precincts":25,"Voter Registration":31036,"Suspense Voters":2775,"Non-Suspense Voters":28261},
{"County Name":"CHILDRESS","Precincts":4,"Voter Registration":3675,"Suspense Voters":173,"Non-Suspense Voters":3502},
{"County Name":"CLAY","Precincts":16,"Voter Registration":8089,"Suspense Voters":756,"Non-Suspense Voters":7333},
{"County Name":"COCHRAN","Precincts":5,"Voter Registration":1653,"Suspense Voters":268,"Non-Suspense Voters":1385},
{"County Name":"COKE","Precincts":4,"Voter Registration":2362,"Suspense Voters":45,"Non-Suspense Voters":2317},
{"County Name":"COLEMAN","Precincts":5,"Voter Registration":5996,"Suspense Voters":579,"Non-Suspense Voters":5417},
{"County Name":"COLLIN","Precincts":252,"Voter Registration":712645,"Suspense Voters":77220,"Non-Suspense Voters":635425},
{"County Name":"COLLINGSWORTH","Precincts":14,"Voter Registration":1869,"Suspense Voters":3,"Non-Suspense Voters":1866},
{"County Name":"COLORADO","Precincts":12,"Voter Registration":14424,"Suspense Voters":1204,"Non-Suspense Voters":13220},
{"County Name":"COMAL","Precincts":34,"Voter Registration":136291,"Suspense Voters":14672,"Non-Suspense Voters":121619},
{"County Name":"COMANCHE","Precincts":14,"Voter Registration":9747,"Suspense Voters":1080,"Non-Suspense Voters":8667},
{"County Name":"CONCHO","Precincts":8,"Voter Registration":1739,"Suspense Voters":120,"Non-Suspense Voters":1619},
{"County Name":"COOKE","Precincts":17,"Voter Registration":29115,"Suspense Voters":1703,"Non-Suspense Voters":27412},
{"County Name":"CORYELL","Precincts":16,"Voter Registration":44610,"Suspense Voters":11564,"Non-Suspense Voters":33046},
{"County Name":"COTTLE","Precincts":4,"Voter Registration":969,"Suspense Voters":158,"Non-Suspense Voters":811},
{"County Name":"CRANE","Precincts":4,"Voter Registration":2637,"Suspense Voters":259,"Non-Suspense Voters":2378},
{"County Name":"CROCKETT","Precincts":4,"Voter Registration":2219,"Suspense Voters":160,"Non-Suspense Voters":2059},
{"County Name":"CROSBY","Precincts":4,"Voter Registration":3491,"Suspense Voters":549,"Non-Suspense Voters":2942},
{"County Name":"CULBERSON","Precincts":5,"Voter Registration":1635,"Suspense Voters":46,"Non-Suspense Voters":1589},
{"County Name":"DALLAM","Precincts":9,"Voter Registration":2793,"Suspense Voters":271,"Non-Suspense Voters":2522},
{"County Name":"DALLAS","Precincts":887,"Voter Registration":1419477,"Suspense Voters":120576,"Non-Suspense Voters":1298901},
{"County Name":"DAWSON","Precincts":9,"Voter Registration":6659,"Suspense Voters":887,"Non-Suspense Voters":5772},
{"County Name":"DEAF SMITH","Precincts":4,"Voter Registration":8482,"Suspense Voters":1179,"Non-Suspense Voters":7303},
{"County Name":"DELTA","Precincts":7,"Voter Registration":4009,"Suspense Voters":310,"Non-Suspense Voters":3699},
{"County Name":"DENTON","Precincts":240,"Voter Registration":628566,"Suspense Voters":55293,"Non-Suspense Voters":573273},
{"County Name":"DEWITT","Precincts":10,"Voter Registration":11166,"Suspense Voters":929,"Non-Suspense Voters":10237},
{"County Name":"DICKENS","Precincts":6,"Voter Registration":1431,"Suspense Voters":139,"Non-Suspense Voters":1292},
{"County Name":"DIMMIT","Precincts":7,"Voter Registration":6582,"Suspense Voters":523,"Non-Suspense Voters":6059},
{"County Name":"DONLEY","Precincts":6,"Voter Registration":2260,"Suspense Voters":204,"Non-Suspense Voters":2056},
{"County Name":"DUVAL","Precincts":11,"Voter Registration":7935,"Suspense Voters":345,"Non-Suspense Voters":7590},
{"County Name":"EASTLAND","Precincts":9,"Voter Registration":12121,"Suspense Voters":1399,"Non-Suspense Voters":10722},
{"County Name":"ECTOR","Precincts":41,"Voter Registration":82791,"Suspense Voters":4868,"Non-Suspense Voters":77923},
{"County Name":"EDWARDS","Precincts":5,"Voter Registration":1474,"Suspense Voters":159,"Non-Suspense Voters":1315},
{"County Name":"ELLIS","Precincts":59,"Voter Registration":138723,"Suspense Voters":13536,"Non-Suspense Voters":125187},
{"County Name":"EL PASO","Precincts":221,"Voter Registration":500673,"Suspense Voters":47639,"Non-Suspense Voters":453034},
{"County Name":"ERATH","Precincts":21,"Voter Registration":24995,"Suspense Voters":1472,"Non-Suspense Voters":23523},
{"County Name":"FALLS","Precincts":12,"Voter Registration":10223,"Suspense Voters":847,"Non-Suspense Voters":9376},
{"County Name":"FANNIN","Precincts":17,"Voter Registration":23813,"Suspense Voters":3078,"Non-Suspense Voters":20735},
{"County Name":"FAYETTE","Precincts":12,"Voter Registration":17962,"Suspense Voters":1563,"Non-Suspense Voters":16399},
{"County Name":"FISHER","Precincts":4,"Voter Registration":2673,"Suspense Voters":37,"Non-Suspense Voters":2636},
{"County Name":"FLOYD","Precincts":4,"Voter Registration":3591,"Suspense Voters":243,"Non-Suspense Voters":3348},
{"County Name":"FOARD","Precincts":4,"Voter Registration":800,"Suspense Voters":75,"Non-Suspense Voters":725},
{"County Name":"FORT BEND","Precincts":177,"Voter Registration":527397,"Suspense Voters":50153,"Non-Suspense Voters":477244},
{"County Name":"FRANKLIN","Precincts":8,"Voter Registration":7395,"Suspense Voters":607,"Non-Suspense Voters":6788},
{"County Name":"FREESTONE","Precincts":13,"Voter Registration":12959,"Suspense Voters":1318,"Non-Suspense Voters":11641},
{"County Name":"FRIO","Precincts":9,"Voter Registration":9247,"Suspense Voters":817,"Non-Suspense Voters":8430},
{"County Name":"GAINES","Precincts":7,"Voter Registration":10058,"Suspense Voters":1217,"Non-Suspense Voters":8841},
{"County Name":"GALVESTON","Precincts":96,"Voter Registration":237517,"Suspense Voters":19731,"Non-Suspense Voters":217786},
{"County Name":"GARZA","Precincts":6,"Voter Registration":2605,"Suspense Voters":410,"Non-Suspense Voters":2195},
{"County Name":"GILLESPIE","Precincts":13,"Voter Registration":21294,"Suspense Voters":1988,"Non-Suspense Voters":19306},
{"County Name":"GLASSCOCK","Precincts":4,"Voter Registration":828,"Suspense Voters":29,"Non-Suspense Voters":799},
{"County Name":"GOLIAD","Precincts":9,"Voter Registration":5759,"Suspense Voters":650,"Non-Suspense Voters":5109},
{"County Name":"GONZALES","Precincts":15,"Voter Registration":12882,"Suspense Voters":630,"Non-Suspense Voters":12252},
{"County Name":"GRAY","Precincts":7,"Voter Registration":12047,"Suspense Voters":1527,"Non-Suspense Voters":10520},
{"County Name":"GRAYSON","Precincts":41,"Voter Registration":95362,"Suspense Voters":9305,"Non-Suspense Voters":86057},
{"County Name":"GREGG","Precincts":21,"Voter Registration":74057,"Suspense Voters":8059,"Non-Suspense Voters":65998},
{"County Name":"GRIMES","Precincts":13,"Voter Registration":20042,"Suspense Voters":1797,"Non-Suspense Voters":18245},
{"County Name":"GUADALUPE","Precincts":76,"Voter Registration":123388,"Suspense Voters":14947,"Non-Suspense Voters":108441},
{"County Name":"HALE","Precincts":30,"Voter Registration":17845,"Suspense Voters":1243,"Non-Suspense Voters":16602},
{"County Name":"HALL","Precincts":7,"Voter Registration":1848,"Suspense Voters":208,"Non-Suspense Voters":1640},
{"County Name":"HAMILTON","Precincts":11,"Voter Registration":6108,"Suspense Voters":583,"Non-Suspense Voters":5525},
{"County Name":"HANSFORD","Precincts":8,"Voter Registration":2950,"Suspense Voters":341,"Non-Suspense Voters":2609},
{"County Name":"HARDEMAN","Precincts":4,"Voter Registration":2364,"Suspense Voters":229,"Non-Suspense Voters":2135},
{"County Name":"HARDIN","Precincts":19,"Voter Registration":42264,"Suspense Voters":576,"Non-Suspense Voters":41688},
{"County Name":"HARRIS","Precincts":1171,"Voter Registration":2604124,"Suspense Voters":248710,"Non-Suspense Voters":2355414},
{"County Name":"HARRISON","Precincts":27,"Voter Registration":45986,"Suspense Voters":5196,"Non-Suspense Voters":40790},
{"County Name":"HARTLEY","Precincts":6,"Voter Registration":2774,"Suspense Voters":389,"Non-Suspense Voters":2385},
{"County Name":"HASKELL","Precincts":10,"Voter Registration":3349,"Suspense Voters":268,"Non-Suspense Voters":3081},
{"County Name":"HAYS","Precincts":94,"Voter Registration":173820,"Suspense Voters":13378,"Non-Suspense Voters":160442},
{"County Name":"HEMPHILL","Precincts":8,"Voter Registration":2307,"Suspense Voters":274,"Non-Suspense Voters":2033},
{"County Name":"HENDERSON","Precincts":30,"Voter Registration":57467,"Suspense Voters":5805,"Non-Suspense Voters":51662},
{"County Name":"HIDALGO","Precincts":259,"Voter Registration":428414,"Suspense Voters":35328,"Non-Suspense Voters":393086},
{"County Name":"HILL","Precincts":13,"Voter Registration":25699,"Suspense Voters":276,"Non-Suspense Voters":25423},
{"County Name":"HOCKLEY","Precincts":14,"Voter Registration":13521,"Suspense Voters":659,"Non-Suspense Voters":12862},
{"County Name":"HOOD","Precincts":17,"Voter Registration":49556,"Suspense Voters":3986,"Non-Suspense Voters":45570},
{"County Name":"HOPKINS","Precincts":21,"Voter Registration":24594,"Suspense Voters":1885,"Non-Suspense Voters":22709},
{"County Name":"HOUSTON","Precincts":21,"Voter Registration":13553,"Suspense Voters":1657,"Non-Suspense Voters":11896},
{"County Name":"HOWARD","Precincts":33,"Voter Registration":16768,"Suspense Voters":1567,"Non-Suspense Voters":15201},
{"County Name":"HUDSPETH","Precincts":8,"Voter Registration":2143,"Suspense Voters":228,"Non-Suspense Voters":1915},
{"County Name":"HUNT","Precincts":36,"Voter Registration":68246,"Suspense Voters":7661,"Non-Suspense Voters":60585},
{"County Name":"HUTCHINSON","Precincts":8,"Voter Registration":13199,"Suspense Voters":947,"Non-Suspense Voters":12252},
{"County Name":"IRION","Precincts":6,"Voter Registration":1222,"Suspense Voters":126,"Non-Suspense Voters":1096},
{"County Name":"JACK","Precincts":6,"Voter Registration":5623,"Suspense Voters":636,"Non-Suspense Voters":4987},
{"County Name":"JACKSON","Precincts":9,"Voter Registration":9663,"Suspense Voters":941,"Non-Suspense Voters":8722},
{"County Name":"JASPER","Precincts":20,"Voter Registration":23876,"Suspense Voters":2180,"Non-Suspense Voters":21696},
{"County Name":"JEFF DAVIS","Precincts":5,"Voter Registration":1554,"Suspense Voters":175,"Non-Suspense Voters":1379},
{"County Name":"JEFFERSON","Precincts":104,"Voter Registration":145249,"Suspense Voters":13410,"Non-Suspense Voters":131839},
{"County Name":"JIM HOGG","Precincts":5,"Voter Registration":3534,"Suspense Voters":492,"Non-Suspense Voters":3042},
{"County Name":"JIM WELLS","Precincts":21,"Voter Registration":25886,"Suspense Voters":2739,"Non-Suspense Voters":23147},
{"County Name":"JOHNSON","Precincts":43,"Voter Registration":122431,"Suspense Voters":14265,"Non-Suspense Voters":108166},
{"County Name":"JONES","Precincts":4,"Voter Registration":10705,"Suspense Voters":861,"Non-Suspense Voters":9844},
{"County Name":"KARNES","Precincts":15,"Voter Registration":8319,"Suspense Voters":941,"Non-Suspense Voters":7378},
{"County Name":"KAUFMAN","Precincts":37,"Voter Registration":100352,"Suspense Voters":8107,"Non-Suspense Voters":92245},
{"County Name":"KENDALL","Precincts":17,"Voter Registration":37616,"Suspense Voters":1570,"Non-Suspense Voters":36046},
{"County Name":"KENEDY","Precincts":6,"Voter Registration":270,"Suspense Voters":58,"Non-Suspense Voters":212},
{"County Name":"KENT","Precincts":6,"Voter Registration":584,"Suspense Voters":19,"Non-Suspense Voters":565},
{"County Name":"KERR","Precincts":21,"Voter Registration":38933,"Suspense Voters":4524,"Non-Suspense Voters":34409},
{"County Name":"KIMBLE","Precincts":7,"Voter Registration":3229,"Suspense Voters":252,"Non-Suspense Voters":2977},
{"County Name":"KING","Precincts":4,"Voter Registration":158,"Suspense Voters":10,"Non-Suspense Voters":148},
{"County Name":"KINNEY","Precincts":4,"Voter Registration":2161,"Suspense Voters":137,"Non-Suspense Voters":2024},
{"County Name":"KLEBERG","Precincts":19,"Voter Registration":18259,"Suspense Voters":3178,"Non-Suspense Voters":15081},
{"County Name":"KNOX","Precincts":6,"Voter Registration":2209,"Suspense Voters":60,"Non-Suspense Voters":2149},
{"County Name":"LAMAR","Precincts":26,"Voter Registration":32282,"Suspense Voters":3425,"Non-Suspense Voters":28857},
{"County Name":"LAMB","Precincts":12,"Voter Registration":7760,"Suspense Voters":734,"Non-Suspense Voters":7026},
{"County Name":"LAMPASAS","Precincts":10,"Voter Registration":16221,"Suspense Voters":736,"Non-Suspense Voters":15485},
{"County Name":"LASALLE","Precincts":6,"Voter Registration":4158,"Suspense Voters":628,"Non-Suspense Voters":3530},
{"County Name":"LAVACA","Precincts":11,"Voter Registration":14081,"Suspense Voters":1277,"Non-Suspense Voters":12804},
{"County Name":"LEE","Precincts":15,"Voter Registration":11703,"Suspense Voters":1125,"Non-Suspense Voters":10578},
{"County Name":"LEON","Precincts":14,"Voter Registration":12265,"Suspense Voters":943,"Non-Suspense Voters":11322},
{"County Name":"LIBERTY","Precincts":24,"Voter Registration":51889,"Suspense Voters":5117,"Non-Suspense Voters":46772},
{"County Name":"LIMESTONE","Precincts":22,"Voter Registration":14080,"Suspense Voters":636,"Non-Suspense Voters":13444},
{"County Name":"LIPSCOMB","Precincts":9,"Voter Registration":1784,"Suspense Voters":113,"Non-Suspense Voters":1671},
{"County Name":"LIVE OAK","Precincts":14,"Voter Registration":7577,"Suspense Voters":1073,"Non-Suspense Voters":6504},
{"County Name":"LLANO","Precincts":9,"Voter Registration":17893,"Suspense Voters":1984,"Non-Suspense Voters":15909},
{"County Name":"LOVING","Precincts":4,"Voter Registration":110,"Suspense Voters":19,"Non-Suspense Voters":91},
{"County Name":"LUBBOCK","Precincts":103,"Voter Registration":188391,"Suspense Voters":31939,"Non-Suspense Voters":156452},
{"County Name":"LYNN","Precincts":10,"Voter Registration":4153,"Suspense Voters":204,"Non-Suspense Voters":3949},
{"County Name":"MADISON","Precincts":4,"Voter Registration":8206,"Suspense Voters":783,"Non-Suspense Voters":7423},
{"County Name":"MARION","Precincts":10,"Voter Registration":7627,"Suspense Voters":505,"Non-Suspense Voters":7122},
{"County Name":"MARTIN","Precincts":6,"Voter Registration":3403,"Suspense Voters":325,"Non-Suspense Voters":3078},
{"County Name":"MASON","Precincts":4,"Voter Registration":3209,"Suspense Voters":251,"Non-Suspense Voters":2958},
{"County Name":"MATAGORDA","Precincts":18,"Voter Registration":21804,"Suspense Voters":2158,"Non-Suspense Voters":19646},
{"County Name":"MAVERICK","Precincts":16,"Voter Registration":34716,"Suspense Voters":3134,"Non-Suspense Voters":31582},
{"County Name":"MCCULLOCH","Precincts":9,"Voter Registration":5280,"Suspense Voters":715,"Non-Suspense Voters":4565},
{"County Name":"MCLENNAN","Precincts":91,"Voter Registration":153475,"Suspense Voters":20886,"Non-Suspense Voters":132589},
{"County Name":"MCMULLEN","Precincts":4,"Voter Registration":616,"Suspense Voters":6,"Non-Suspense Voters":610},
{"County Name":"MEDINA","Precincts":15,"Voter Registration":36975,"Suspense Voters":3310,"Non-Suspense Voters":33665},
{"County Name":"MENARD","Precincts":6,"Voter Registration":1453,"Suspense Voters":142,"Non-Suspense Voters":1311},
{"County Name":"MIDLAND","Precincts":47,"Voter Registration":95210,"Suspense Voters":13763,"Non-Suspense Voters":81447},
{"County Name":"MILAM","Precincts":11,"Voter Registration":16732,"Suspense Voters":1147,"Non-Suspense Voters":15585},
{"County Name":"MILLS","Precincts":8,"Voter Registration":3516,"Suspense Voters":282,"Non-Suspense Voters":3234},
{"County Name":"MITCHELL","Precincts":4,"Voter Registration":4460,"Suspense Voters":518,"Non-Suspense Voters":3942},
{"County Name":"MONTAGUE","Precincts":15,"Voter Registration":15062,"Suspense Voters":1438,"Non-Suspense Voters":13624},
{"County Name":"MONTGOMERY","Precincts":113,"Voter Registration":428859,"Suspense Voters":38511,"Non-Suspense Voters":390348},
{"County Name":"MOORE","Precincts":7,"Voter Registration":9881,"Suspense Voters":729,"Non-Suspense Voters":9152},
{"County Name":"MORRIS","Precincts":9,"Voter Registration":8695,"Suspense Voters":1040,"Non-Suspense Voters":7655},
{"County Name":"MOTLEY","Precincts":6,"Voter Registration":818,"Suspense Voters":53,"Non-Suspense Voters":765},
{"County Name":"NACOGDOCHES","Precincts":19,"Voter Registration":38524,"Suspense Voters":4843,"Non-Suspense Voters":33681},
{"County Name":"NAVARRO","Precincts":33,"Voter Registration":31688,"Suspense Voters":1760,"Non-Suspense Voters":29928},
{"County Name":"NEWTON","Precincts":24,"Voter Registration":9349,"Suspense Voters":449,"Non-Suspense Voters":8900},
{"County Name":"NOLAN","Precincts":9,"Voter Registration":8339,"Suspense Voters":306,"Non-Suspense Voters":8033},
{"County Name":"NUECES","Precincts":128,"Voter Registration":212704,"Suspense Voters":21756,"Non-Suspense Voters":190948},
{"County Name":"OCHILTREE","Precincts":4,"Voter Registration":5121,"Suspense Voters":596,"Non-Suspense Voters":4525},
{"County Name":"OLDHAM","Precincts":7,"Voter Registration":1329,"Suspense Voters":161,"Non-Suspense Voters":1168},
{"County Name":"ORANGE","Precincts":34,"Voter Registration":54752,"Suspense Voters":4807,"Non-Suspense Voters":49945},
{"County Name":"PALO PINTO","Precincts":30,"Voter Registration":19411,"Suspense Voters":1711,"Non-Suspense Voters":17700},
{"County Name":"PANOLA","Precincts":19,"Voter Registration":17437,"Suspense Voters":1815,"Non-Suspense Voters":15622},
{"County Name":"PARKER","Precincts":45,"Voter Registration":121027,"Suspense Voters":14868,"Non-Suspense Voters":106159},
{"County Name":"PARMER","Precincts":8,"Voter Registration":4455,"Suspense Voters":341,"Non-Suspense Voters":4114},
{"County Name":"PECOS","Precincts":9,"Voter Registration":8235,"Suspense Voters":1001,"Non-Suspense Voters":7234},
{"County Name":"POLK","Precincts":22,"Voter Registration":42809,"Suspense Voters":6034,"Non-Suspense Voters":36775},
{"County Name":"POTTER","Precincts":25,"Voter Registration":57545,"Suspense Voters":9854,"Non-Suspense Voters":47691},
{"County Name":"PRESIDIO","Precincts":7,"Voter Registration":4310,"Suspense Voters":412,"Non-Suspense Voters":3898},
{"County Name":"RAINS","Precincts":8,"Voter Registration":9011,"Suspense Voters":869,"Non-Suspense Voters":8142},
{"County Name":"RANDALL","Precincts":31,"Voter Registration":96752,"Suspense Voters":12152,"Non-Suspense Voters":84600},
{"County Name":"REAGAN","Precincts":4,"Voter Registration":1794,"Suspense Voters":246,"Non-Suspense Voters":1548},
{"County Name":"REAL","Precincts":5,"Voter Registration":2630,"Suspense Voters":238,"Non-Suspense Voters":2392},
{"County Name":"RED RIVER","Precincts":29,"Voter Registration":8482,"Suspense Voters":924,"Non-Suspense Voters":7558},
{"County Name":"REEVES","Precincts":9,"Voter Registration":7567,"Suspense Voters":668,"Non-Suspense Voters":6899},
{"County Name":"REFUGIO","Precincts":10,"Voter Registration":4818,"Suspense Voters":475,"Non-Suspense Voters":4343},
{"County Name":"ROBERTS","Precincts":5,"Voter Registration":704,"Suspense Voters":72,"Non-Suspense Voters":632},
{"County Name":"ROBERTSON","Precincts":13,"Voter Registration":12195,"Suspense Voters":774,"Non-Suspense Voters":11421},
{"County Name":"ROCKWALL","Precincts":26,"Voter Registration":83390,"Suspense Voters":7618,"Non-Suspense Voters":75772},
{"County Name":"RUNNELS","Precincts":9,"Voter Registration":6773,"Suspense Voters":242,"Non-Suspense Voters":6531},
{"County Name":"RUSK","Precincts":22,"Voter Registration":33258,"Suspense Voters":3566,"Non-Suspense Voters":29692},
{"County Name":"SABINE","Precincts":10,"Voter Registration":8231,"Suspense Voters":927,"Non-Suspense Voters":7304},
{"County Name":"SAN AUGUSTINE","Precincts":11,"Voter Registration":5911,"Suspense Voters":481,"Non-Suspense Voters":5430},
{"County Name":"SAN JACINTO","Precincts":11,"Voter Registration":19798,"Suspense Voters":1544,"Non-Suspense Voters":18254},
{"County Name":"SAN PATRICIO","Precincts":25,"Voter Registration":43645,"Suspense Voters":5544,"Non-Suspense Voters":38101},
{"County Name":"SAN SABA","Precincts":7,"Voter Registration":3717,"Suspense Voters":207,"Non-Suspense Voters":3510},
{"County Name":"SCHLEICHER","Precincts":4,"Voter Registration":1719,"Suspense Voters":88,"Non-Suspense Voters":1631},
{"County Name":"SCURRY","Precincts":11,"Voter Registration":9223,"Suspense Voters":1026,"Non-Suspense Voters":8197},
{"County Name":"SHACKELFORD","Precincts":7,"Voter Registration":2339,"Suspense Voters":185,"Non-Suspense Voters":2154},
{"County Name":"SHELBY","Precincts":14,"Voter Registration":15956,"Suspense Voters":1438,"Non-Suspense Voters":14518},
{"County Name":"SHERMAN","Precincts":7,"Voter Registration":1394,"Suspense Voters":184,"Non-Suspense Voters":1210},
{"County Name":"SMITH","Precincts":75,"Voter Registration":156196,"Suspense Voters":13401,"Non-Suspense Voters":142795},
{"County Name":"SOMERVELL","Precincts":8,"Voter Registration":7125,"Suspense Voters":541,"Non-Suspense Voters":6584},
{"County Name":"STARR","Precincts":14,"Voter Registration":35191,"Suspense Voters":1578,"Non-Suspense Voters":33613},
{"County Name":"STEPHENS","Precincts":5,"Voter Registration":5717,"Suspense Voters":644,"Non-Suspense Voters":5073},
{"County Name":"STERLING","Precincts":4,"Voter Registration":828,"Suspense Voters":39,"Non-Suspense Voters":789},
{"County Name":"STONEWALL","Precincts":4,"Voter Registration":921,"Suspense Voters":0,"Non-Suspense Voters":921},
{"County Name":"SUTTON","Precincts":8,"Voter Registration":2317,"Suspense Voters":225,"Non-Suspense Voters":2092},
{"County Name":"SWISHER","Precincts":8,"Voter Registration":3848,"Suspense Voters":463,"Non-Suspense Voters":3385},
{"County Name":"TARRANT","Precincts":844,"Voter Registration":1264855,"Suspense Voters":141682,"Non-Suspense Voters":1123173},
{"County Name":"TAYLOR","Precincts":34,"Voter Registration":86321,"Suspense Voters":14699,"Non-Suspense Voters":71622},
{"County Name":"TERRELL","Precincts":4,"Voter Registration":624,"Suspense Voters":16,"Non-Suspense Voters":608},
{"County Name":"TERRY","Precincts":8,"Voter Registration":6257,"Suspense Voters":364,"Non-Suspense Voters":5893},
{"County Name":"THROCKMORTON","Precincts":5,"Voter Registration":1190,"Suspense Voters":77,"Non-Suspense Voters":1113},
{"County Name":"TITUS","Precincts":19,"Voter Registration":17583,"Suspense Voters":1856,"Non-Suspense Voters":15727},
{"County Name":"TOM GREEN","Precincts":35,"Voter Registration":69225,"Suspense Voters":10356,"Non-Suspense Voters":58869},
{"County Name":"TRAVIS","Precincts":288,"Voter Registration":887597,"Suspense Voters":80777,"Non-Suspense Voters":806820},
{"County Name":"TRINITY","Precincts":20,"Voter Registration":11879,"Suspense Voters":531,"Non-Suspense Voters":11348},
{"County Name":"TYLER","Precincts":17,"Voter Registration":14563,"Suspense Voters":700,"Non-Suspense Voters":13863},
{"County Name":"UPSHUR","Precincts":19,"Voter Registration":29410,"Suspense Voters":2265,"Non-Suspense Voters":27145},
{"County Name":"UPTON","Precincts":6,"Voter Registration":2066,"Suspense Voters":218,"Non-Suspense Voters":1848},
{"County Name":"UVALDE","Precincts":14,"Voter Registration":17542,"Suspense Voters":1201,"Non-Suspense Voters":16341},
{"County Name":"VAL VERDE","Precincts":23,"Voter Registration":28950,"Suspense Voters":1811,"Non-Suspense Voters":27139},
{"County Name":"VAN ZANDT","Precincts":18,"Voter Registration":39972,"Suspense Voters":2910,"Non-Suspense Voters":37062},
{"County Name":"VICTORIA","Precincts":35,"Voter Registration":56100,"Suspense Voters":5831,"Non-Suspense Voters":50269},
{"County Name":"WALKER","Precincts":21,"Voter Registration":36857,"Suspense Voters":5339,"Non-Suspense Voters":31518},
{"County Name":"WALLER","Precincts":20,"Voter Registration":40205,"Suspense Voters":5292,"Non-Suspense Voters":34913},
{"County Name":"WARD","Precincts":8,"Voter Registration":6857,"Suspense Voters":932,"Non-Suspense Voters":5925},
{"County Name":"WASHINGTON","Precincts":19,"Voter Registration":24922,"Suspense Voters":2027,"Non-Suspense Voters":22895},
{"County Name":"WEBB","Precincts":79,"Voter Registration":143766,"Suspense Voters":17837,"Non-Suspense Voters":125929},
{"County Name":"WHARTON","Precincts":12,"Voter Registration":25913,"Suspense Voters":956,"Non-Suspense Voters":24957},
{"County Name":"WHEELER","Precincts":4,"Voter Registration":3312,"Suspense Voters":329,"Non-Suspense Voters":2983},
{"County Name":"WICHITA","Precincts":40,"Voter Registration":77608,"Suspense Voters":11005,"Non-Suspense Voters":66603},
{"County Name":"WILBARGER","Precincts":4,"Voter Registration":7966,"Suspense Voters":212,"Non-Suspense Voters":7754},
{"County Name":"WILLACY","Precincts":17,"Voter Registration":11474,"Suspense Voters":620,"Non-Suspense Voters":10854},
{"County Name":"WILLIAMSON","Precincts":164,"Voter Registration":423833,"Suspense Voters":43893,"Non-Suspense Voters":379940},
{"County Name":"WILSON","Precincts":24,"Voter Registration":37815,"Suspense Voters":2927,"Non-Suspense Voters":34888},
{"County Name":"WINKLER","Precincts":5,"Voter Registration":3962,"Suspense Voters":272,"Non-Suspense Voters":3690},
{"County Name":"WISE","Precincts":28,"Voter Registration":52904,"Suspense Voters":5240,"Non-Suspense Voters":47664},
{"County Name":"WOOD","Precincts":14,"Voter Registration":34150,"Suspense Voters":3093,"Non-Suspense Voters":31057},
{"County Name":"YOAKUM","Precincts":6,"Voter Registration":4246,"Suspense Voters":445,"Non-Suspense Voters":3801},
{"County Name":"YOUNG","Precincts":8,"Voter Registration":12021,"Suspense Voters":87,"Non-Suspense Voters":11934},
{"County Name":"ZAPATA","Precincts":7,"Voter Registration":7857,"Suspense Voters":582,"Non-Suspense Voters":7275},
{"County Name":"ZAVALA","Precincts":6,"Voter Registration":7709,"Suspense Voters":699,"Non-Suspense Voters":7010},
{"County Name":"STATEWIDE TOTAL","Precincts":9754,"Voter Registration":17890531,"Suspense Voters":1798105,"Non-Suspense Voters":16092426}
]