[
{"District":"Legislative District 1","County":"Total:","Precincts":55,"Democratic":31890,"Green":1,"Libertarian":1355,"No Labels":902,"Republican":83177,"Other":50378,"Total":167703},
{"District":"Legislative District 2","County":"Total:","Precincts":48,"Democratic":34319,"Green":90,"Libertarian":1281,"No Labels":864,"Republican":43389,"Other":44824,"Total":124767},
{"District":"Legislative District 3","County":"Total:","Precincts":58,"Democratic":34353,"Green":65,"Libertarian":1147,"No Labels":667,"Republican":81708,"Other":55024,"Total":172964},
{"District":"Legislative District 4","County":"Total:","Precincts":70,"Democratic":43969,"Green":98,"Libertarian":1292,"No Labels":953,"Republican":63226,"Other":52980,"Total":162518},
{"District":"Legislative District 5","County":"Total:","Precincts":54,"Democratic":50896,"Green":136,"Libertarian":1044,"No Labels":965,"Republican":25476,"Other":40185,"Total":118702},
{"District":"Legislative District 6","County":"Total:","Precincts":112,"Democratic":73186,"Green":112,"Libertarian":854,"No Labels":593,"Republican":29132,"Other":43989,"Total":147866},
{"District":"Legislative District 7","County":"Total:","Precincts":98,"Democratic":33542,"Green":49,"Libertarian":1237,"No Labels":918,"Republican":70423,"Other":48528,"Total":154697},
{"District":"Legislative District 8","County":"Total:","Precincts":57,"Democratic":38771,"Green":128,"Libertarian":1183,"No Labels":1161,"Republican":27424,"Other":42047,"Total":110714},
{"District":"Legislative District 9","County":"Total:","Precincts":39,"Democratic":31616,"Green":104,"Libertarian":1119,"No Labels":825,"Republican":33586,"Other":39253,"Total":106503},
{"District":"Legislative District 10","County":"Total:","Precincts":46,"Democratic":30392,"Green":76,"Libertarian":1110,"No Labels":779,"Republican":59533,"Other":46643,"Total":138533},
{"District":"Legislative District 11","County":"Total:","Precincts":37,"Democratic":49415,"Green":79,"Libertarian":722,"No Labels":863,"Republican":14835,"Other":40947,"Total":106861},
{"District":"Legislative District 12","County":"Total:","Precincts":48,"Democratic":48357,"Green":111,"Libertarian":1301,"No Labels":952,"Republican":43038,"Other":50544,"Total":144303},
{"District":"Legislative District 13","County":"Total:","Precincts":45,"Democratic":39904,"Green":80,"Libertarian":1178,"No Labels":891,"Republican":50868,"Other":51792,"Total":144713},
{"District":"Legislative District 14","County":"Total:","Precincts":44,"Democratic":32961,"Green":65,"Libertarian":1348,"No Labels":868,"Republican":62987,"Other":50962,"Total":149191},
{"District":"Legislative District 15","County":"Total:","Precincts":45,"Democratic":30840,"Green":28,"Libertarian":1531,"No Labels":1097,"Republican":71314,"Other":55616,"Total":160426},
{"District":"Legislative District 16","County":"Total:","Precincts":72,"Democratic":40373,"Green":24,"Libertarian":1080,"No Labels":1046,"Republican":44345,"Other":53696,"Total":140564},
{"District":"Legislative District 17","County":"Total:","Precincts":68,"Democratic":50560,"Green":122,"Libertarian":1344,"No Labels":768,"Republican":66861,"Other":55897,"Total":175552},
{"District":"Legislative District 18","County":"Total:","Precincts":65,"Democratic":62445,"Green":189,"Libertarian":1216,"No Labels":902,"Republican":42234,"Other":48541,"Total":155527},
{"District":"Legislative District 19","County":"Total:","Precincts":95,"Democratic":35174,"Green":65,"Libertarian":1087,"No Labels":658,"Republican":60410,"Other":46996,"Total":144390},
{"District":"Legislative District 20","County":"Total:","Precincts":56,"Democratic":58211,"Green":236,"Libertarian":829,"No Labels":766,"Republican":17249,"Other":40727,"Total":118018},
{"District":"Legislative District 21","County":"Total:","Precincts":70,"Democratic":53229,"Green":162,"Libertarian":952,"No Labels":773,"Republican":26527,"Other":46126,"Total":127769},
{"District":"Legislative District 22","County":"Total:","Precincts":40,"Democratic":40523,"Green":59,"Libertarian":705,"No Labels":1119,"Republican":18144,"Other":41230,"Total":101780},
{"District":"Legislative District 23","County":"Total:","Precincts":65,"Democratic":42331,"Green":47,"Libertarian":828,"No Labels":889,"Republican":28452,"Other":47050,"Total":119597},
{"District":"Legislative District 24","County":"Total:","Precincts":38,"Democratic":33254,"Green":48,"Libertarian":624,"No Labels":619,"Republican":15805,"Other":33686,"Total":84036},
{"District":"Legislative District 25","County":"Total:","Precincts":65,"Democratic":31619,"Green":40,"Libertarian":1193,"No Labels":1138,"Republican":59333,"Other":52713,"Total":146036},
{"District":"Legislative District 26","County":"Total:","Precincts":34,"Democratic":32041,"Green":68,"Libertarian":569,"No Labels":576,"Republican":13185,"Other":30167,"Total":76606},
{"District":"Legislative District 27","County":"Total:","Precincts":51,"Democratic":35766,"Green":93,"Libertarian":1220,"No Labels":967,"Republican":48333,"Other":46268,"Total":132647},
{"District":"Legislative District 28","County":"Total:","Precincts":59,"Democratic":35235,"Green":56,"Libertarian":967,"No Labels":626,"Republican":74799,"Other":49414,"Total":161097},
{"District":"Legislative District 29","County":"Total:","Precincts":47,"Democratic":34838,"Green":77,"Libertarian":1032,"No Labels":1052,"Republican":54832,"Other":50532,"Total":142363},
{"District":"Legislative District 30","County":"Total:","Precincts":38,"Democratic":21930,"Green":6,"Libertarian":1090,"No Labels":727,"Republican":87782,"Other":53330,"Total":164865}
]