[
{"Greating":"Hello World!"},
{"Greating":"Hello Universe!"}
]